http://www.omdbapi.com/?s=the+flash
http://www.omdbapi.com/?i=tt3107288&tomatoes=True
http://www.omdbapi.com/?i=tt3107288&season=1
http://www.omdbapi.com/?i=tt3107288&season=2
http://www.omdbapi.com/?i=tt3107288&season=3
http://www.omdbapi.com/?i=tt3107288&season=4
http://www.omdbapi.com/?s=the+flash
http://www.omdbapi.com/?i=tt3107288&tomatoes=True
http://www.omdbapi.com/?i=tt3107288&season=1
http://www.omdbapi.com/?i=tt3107288&season=2
http://www.omdbapi.com/?i=tt3107288&season=3
http://www.omdbapi.com/?i=tt3107288&season=4
http://www.omdbapi.com/?s=legends+of+tomorrow
http://www.omdbapi.com/?i=tt4532368&tomatoes=True
http://www.omdbapi.com/?i=tt4532368&season=1
http://www.omdbapi.com/?i=tt4532368&season=2
http://www.omdbapi.com/?i=tt4532368&season=3
http://www.omdbapi.com/?s=legends+of+tomorrow
http://www.omdbapi.com/?i=tt4532368&tomatoes=True
http://www.omdbapi.com/?i=tt4532368&season=1
http://www.omdbapi.com/?i=tt4532368&season=2
http://www.omdbapi.com/?i=tt4532368&season=3
